../Core/Src/main.c:74:6:oled_config	24	static
../Core/Src/main.c:95:10:pulse_converter	8	static
../Core/Src/main.c:121:6:led_brightness	16	static
../Core/Src/main.c:136:5:main	16	static
../Core/Src/main.c:207:6:SystemClock_Config	88	static
../Core/Src/main.c:253:13:MX_I2C1_Init	8	static
../Core/Src/main.c:287:13:MX_TIM4_Init	64	static
../Core/Src/main.c:358:13:MX_USART1_UART_Init	8	static
../Core/Src/main.c:391:13:MX_GPIO_Init	24	static
../Core/Src/main.c:414:6:Error_Handler	4	static,ignoring_inline_asm
